HAL.hpp:124:18:virtual void touchgfx::HAL::setDisplayOrientation(touchgfx::DisplayOrientation)	0	static
HAL.hpp:670:18:virtual bool touchgfx::HAL::sampleKey(uint8_t&)	0	static
HAL.hpp:737:18:virtual void touchgfx::HAL::setAnimationStorage(void*)	0	static
HAL.hpp:876:30:virtual touchgfx::FlashDataReader* touchgfx::HAL::getFlashDataReader() const	0	static
HAL.hpp:1025:18:virtual void touchgfx::HAL::taskDelay(uint16_t)	0	static
HAL.hpp:1052:22:virtual uint16_t touchgfx::HAL::getTFTCurrentLine()	0	static
HAL.hpp:1063:21:virtual touchgfx::DMAType touchgfx::HAL::getDMAType()	0	static
TouchGFXGeneratedHAL.cpp:72:6:virtual void TouchGFXGeneratedHAL::configureInterrupts()	0	static
TouchGFXGeneratedHAL.cpp:90:6:virtual void TouchGFXGeneratedHAL::enableLCDControllerInterrupt()	0	static
TouchGFXGeneratedHAL.cpp:113:11:virtual uint16_t* TouchGFXGeneratedHAL::getTFTFrameBuffer() const	0	static
TouchGFXGeneratedHAL.cpp:118:6:virtual void TouchGFXGeneratedHAL::setTFTFrameBuffer(uint16_t*)	0	static
DoubleBufferedVideoController.hpp:49:7:DoubleBufferedVideoController<1, 800, 480, 2400, (touchgfx::Bitmap::BitmapFormat)1>::~DoubleBufferedVideoController()	0	static
TouchGFXGeneratedHAL.hpp:30:7:TouchGFXGeneratedHAL::~TouchGFXGeneratedHAL()	0	static
DoubleBufferedVideoController.hpp:100:18:void DoubleBufferedVideoController<no_streams, width, height, stride, output_format>::unregisterVideoWidget(touchgfx::VideoController::Handle) [with long unsigned int no_streams = 1; long unsigned int width = 800; long unsigned int height = 480; long unsigned int stride = 2400; touchgfx::Bitmap::BitmapFormat output_format = (touchgfx::Bitmap::BitmapFormat)1]	0	static
DoubleBufferedVideoController.hpp:289:18:void DoubleBufferedVideoController<no_streams, width, height, stride, output_format>::draw(touchgfx::VideoController::Handle, const touchgfx::Rect&, const touchgfx::VideoWidget&) [with long unsigned int no_streams = 1; long unsigned int width = 800; long unsigned int height = 480; long unsigned int stride = 2400; touchgfx::Bitmap::BitmapFormat output_format = (touchgfx::Bitmap::BitmapFormat)1]	0	static
TouchGFXGeneratedHAL.cpp:54:6:virtual void TouchGFXGeneratedHAL::initialize()	16	static
HAL.hpp:720:18:virtual void touchgfx::HAL::setFrameBufferStartAddresses(void*, void*, void*)	8	static
HAL.hpp:156:18:virtual void touchgfx::HAL::setFrameBufferSize(uint16_t, uint16_t)	8	static
DoubleBufferedVideoController.hpp:405:18:bool DoubleBufferedVideoController<no_streams, width, height, stride, output_format>::getIsPlaying(touchgfx::VideoController::Handle) [with long unsigned int no_streams = 1; long unsigned int width = 800; long unsigned int height = 480; long unsigned int stride = 2400; touchgfx::Bitmap::BitmapFormat output_format = (touchgfx::Bitmap::BitmapFormat)1]	8	static
DoubleBufferedVideoController.hpp:399:18:void DoubleBufferedVideoController<no_streams, width, height, stride, output_format>::getVideoInformation(touchgfx::VideoController::Handle, touchgfx::VideoInformation*) [with long unsigned int no_streams = 1; long unsigned int width = 800; long unsigned int height = 480; long unsigned int stride = 2400; touchgfx::Bitmap::BitmapFormat output_format = (touchgfx::Bitmap::BitmapFormat)1]	8	static
DoubleBufferedVideoController.hpp:120:22:uint32_t DoubleBufferedVideoController<no_streams, width, height, stride, output_format>::getCurrentFrameNumber(touchgfx::VideoController::Handle) [with long unsigned int no_streams = 1; long unsigned int width = 800; long unsigned int height = 480; long unsigned int stride = 2400; touchgfx::Bitmap::BitmapFormat output_format = (touchgfx::Bitmap::BitmapFormat)1]	8	static
DoubleBufferedVideoController.hpp:127:18:void DoubleBufferedVideoController<no_streams, width, height, stride, output_format>::setFrameRate(touchgfx::VideoController::Handle, uint32_t, uint32_t) [with long unsigned int no_streams = 1; long unsigned int width = 800; long unsigned int height = 480; long unsigned int stride = 2400; touchgfx::Bitmap::BitmapFormat output_format = (touchgfx::Bitmap::BitmapFormat)1]	8	static
TouchGFXGeneratedHAL.cpp:101:6:virtual bool TouchGFXGeneratedHAL::beginFrame()	0	static
TouchGFXGeneratedHAL.cpp:106:6:virtual void TouchGFXGeneratedHAL::endFrame()	8	static
TouchGFXGeneratedHAL.cpp:126:6:virtual void TouchGFXGeneratedHAL::flushFrameBuffer(const touchgfx::Rect&)	0	static
TouchGFXGeneratedHAL.cpp:131:6:virtual bool TouchGFXGeneratedHAL::blockCopy(void*, const void*, uint32_t)	0	static
HAL.hpp:638:18:virtual void touchgfx::HAL::backPorchExited()	8	static
TouchGFXGeneratedHAL.hpp:119:18:virtual void TouchGFXGeneratedHAL::unlockFrameBuffer()	8	static
TouchGFXGeneratedHAL.hpp:106:18:virtual void TouchGFXGeneratedHAL::flushFrameBuffer()	0	static
TouchGFXGeneratedHAL.hpp:30:7:virtual TouchGFXGeneratedHAL::~TouchGFXGeneratedHAL()	8	static
DoubleBufferedVideoController.hpp:49:7:virtual DoubleBufferedVideoController<1, 800, 480, 2400, (touchgfx::Bitmap::BitmapFormat)1>::~DoubleBufferedVideoController()	8	static
HAL.hpp:320:28:virtual touchgfx::BlitOperations touchgfx::HAL::getBlitCaps()	0	static
HAL.hpp:1162:18:virtual void touchgfx::HAL::performDisplayOrientationChange()	8	static
TouchGFXGeneratedHAL.cpp:136:6:virtual void TouchGFXGeneratedHAL::InvalidateCache()	20	static
TouchGFXGeneratedHAL.cpp:136:6:virtual void TouchGFXGeneratedHAL::InvalidateCache()	0	static
TouchGFXGeneratedHAL.cpp:148:6:virtual void TouchGFXGeneratedHAL::FlushCache()	0	static
DoubleBufferedVideoController.hpp:160:18:void DoubleBufferedVideoController<no_streams, width, height, stride, output_format>::setCommand(touchgfx::VideoController::Handle, touchgfx::VideoController::Command, uint32_t) [with long unsigned int no_streams = 1; long unsigned int width = 800; long unsigned int height = 480; long unsigned int stride = 2400; touchgfx::Bitmap::BitmapFormat output_format = (touchgfx::Bitmap::BitmapFormat)1]	8	static
DoubleBufferedVideoController.hpp:227:18:bool DoubleBufferedVideoController<no_streams, width, height, stride, output_format>::updateFrame(touchgfx::VideoController::Handle, touchgfx::VideoWidget&) [with long unsigned int no_streams = 1; long unsigned int width = 800; long unsigned int height = 480; long unsigned int stride = 2400; touchgfx::Bitmap::BitmapFormat output_format = (touchgfx::Bitmap::BitmapFormat)1]	16	static
TouchGFXGeneratedHAL.cpp:78:6:virtual void TouchGFXGeneratedHAL::enableInterrupts()	0	static
TouchGFXGeneratedHAL.cpp:84:6:virtual void TouchGFXGeneratedHAL::disableInterrupts()	0	static
DoubleBufferedVideoController.hpp:67:20:touchgfx::VideoController::Handle DoubleBufferedVideoController<no_streams, width, height, stride, output_format>::registerVideoWidget(touchgfx::VideoWidget&) [with long unsigned int no_streams = 1; long unsigned int width = 800; long unsigned int height = 480; long unsigned int stride = 2400; touchgfx::Bitmap::BitmapFormat output_format = (touchgfx::Bitmap::BitmapFormat)1]	16	static
TouchGFXGeneratedHAL.cpp:38:18:static touchgfx::VideoController& touchgfx::VideoController::getInstance()	0	static
TouchGFXGeneratedHAL.cpp:167:10:void HAL_LTDC_LineEventCallback(LTDC_HandleTypeDef*)	8	static
DoubleBufferedVideoController.hpp:319:10:void DoubleBufferedVideoController<no_streams, width, height, stride, output_format>::decoderTaskEntry() [with long unsigned int no_streams = 1; long unsigned int width = 800; long unsigned int height = 480; long unsigned int stride = 2400; touchgfx::Bitmap::BitmapFormat output_format = (touchgfx::Bitmap::BitmapFormat)1]	40	static
TouchGFXGeneratedHAL.cpp:160:17:void videoTaskFunc(void*)	8	static
DoubleBufferedVideoController.hpp:518:10:void DoubleBufferedVideoController<no_streams, width, height, stride, output_format>::clearState(touchgfx::VideoController::Handle) [with long unsigned int no_streams = 1; long unsigned int width = 800; long unsigned int height = 480; long unsigned int stride = 2400; touchgfx::Bitmap::BitmapFormat output_format = (touchgfx::Bitmap::BitmapFormat)1]	16	static
DoubleBufferedVideoController.hpp:152:18:void DoubleBufferedVideoController<no_streams, width, height, stride, output_format>::setVideoData(touchgfx::VideoController::Handle, touchgfx::VideoDataReader&) [with long unsigned int no_streams = 1; long unsigned int width = 800; long unsigned int height = 480; long unsigned int stride = 2400; touchgfx::Bitmap::BitmapFormat output_format = (touchgfx::Bitmap::BitmapFormat)1]	16	static
DoubleBufferedVideoController.hpp:143:18:void DoubleBufferedVideoController<no_streams, width, height, stride, output_format>::setVideoData(touchgfx::VideoController::Handle, const uint8_t*, uint32_t) [with long unsigned int no_streams = 1; long unsigned int width = 800; long unsigned int height = 480; long unsigned int stride = 2400; touchgfx::Bitmap::BitmapFormat output_format = (touchgfx::Bitmap::BitmapFormat)1]	16	static
TouchGFXGeneratedHAL.cpp:197:1:cpp)	16	static
